﻿
> musgo-f├íbrica-alpha-0.5@0.0.0 build
> vite build

[36mvite v6.4.1 [32mbuilding for production...[36m[39m
transforming...
[32mÔ£ô[39m 4712 modules transformed.
node.exe : [31mÔ£ù[39m Build 
failed in 4.19s
No linha:1 caractere:1
+ & "C:\Program 
Files\nodejs/node.exe" 
"C:\Program Files\nodejs/node_mo 
...
+ ~~~~~~~~~~~~~~~~~~~~~~~~~~~~~~~
~~~~~~~~~~~~~~~~~~~~~~~~~~~~~~~~~
~~~~~
    + CategoryInfo          : No 
   tSpecified: ([31mÔ£ù[39m B  
  uild failed in 4.19s:String)   
  [], RemoteException
    + FullyQualifiedErrorId : Na 
   tiveCommandError
 
[31merror during build:
[31mviews/FornecedoresView.tsx 
(2:99): "ShoppingBasket" is not 
exported by "node_modules/@phosph
or-icons/react/dist/index.es.js",
 imported by "views/FornecedoresV
iew.tsx".[31m
file: [36mC:/Users/SISTEMAS-PC/D
esktop/PROJETOS ANTIGRAVIT/erp 
controle de vendas e estoque/view
s/FornecedoresView.tsx:2:99[31m
[33m
1: import React, { useState, 
useMemo } from 'react';
2: import { Plus, Trash, 
PencilSimple, X, Basket, 
AddressBook, MagnifyingGlass, 
User, ArrowClockwise, 
ShoppingBasket } f...
                                 
                                 
                                 
   ^
3: import { SupplierDetailModal 
} from '../components/SupplierDet
ailModal';
4: import { Purchase, Sale, 
Customer, Supplier } from 
'../types';
[31m
    at getRollupError (file:///C:
/Users/SISTEMAS-PC/Desktop/PROJET
OS%20ANTIGRAVIT/erp%20controle%20
de%20vendas%20e%20estoque/node_mo
dules/rollup/dist/es/shared/parse
Ast.js:402:41)
    at error (file:///C:/Users/SI
STEMAS-PC/Desktop/PROJETOS%20ANTI
GRAVIT/erp%20controle%20de%20vend
as%20e%20estoque/node_modules/rol
lup/dist/es/shared/parseAst.js:39
8:42)
    at Module.error (file:///C:/U
sers/SISTEMAS-PC/Desktop/PROJETOS
%20ANTIGRAVIT/erp%20controle%20de
%20vendas%20e%20estoque/node_modu
les/rollup/dist/es/shared/node-en
try.js:17040:16)
    at Module.traceVariable (file
:///C:/Users/SISTEMAS-PC/Desktop/
PROJETOS%20ANTIGRAVIT/erp%20contr
ole%20de%20vendas%20e%20estoque/n
ode_modules/rollup/dist/es/shared
/node-entry.js:17452:29)
    at ModuleScope.findVariable (
file:///C:/Users/SISTEMAS-PC/Desk
top/PROJETOS%20ANTIGRAVIT/erp%20c
ontrole%20de%20vendas%20e%20estoq
ue/node_modules/rollup/dist/es/sh
ared/node-entry.js:15070:39)
    at 
ReturnValueScope.findVariable (fi
le:///C:/Users/SISTEMAS-PC/Deskto
p/PROJETOS%20ANTIGRAVIT/erp%20con
trole%20de%20vendas%20e%20estoque
/node_modules/rollup/dist/es/shar
ed/node-entry.js:5673:38)
    at 
FunctionBodyScope.findVariable (f
ile:///C:/Users/SISTEMAS-PC/Deskt
op/PROJETOS%20ANTIGRAVIT/erp%20co
ntrole%20de%20vendas%20e%20estoqu
e/node_modules/rollup/dist/es/sha
red/node-entry.js:5673:38)
    at Identifier.bind (file:///C
:/Users/SISTEMAS-PC/Desktop/PROJE
TOS%20ANTIGRAVIT/erp%20controle%2
0de%20vendas%20e%20estoque/node_m
odules/rollup/dist/es/shared/node
-entry.js:5447:40)
    at CallExpression.bind (file:
///C:/Users/SISTEMAS-PC/Desktop/P
ROJETOS%20ANTIGRAVIT/erp%20contro
le%20de%20vendas%20e%20estoque/no
de_modules/rollup/dist/es/shared/
node-entry.js:2825:28)
    at CallExpression.bind (file:
///C:/Users/SISTEMAS-PC/Desktop/P
ROJETOS%20ANTIGRAVIT/erp%20contro
le%20de%20vendas%20e%20estoque/no
de_modules/rollup/dist/es/shared/
node-entry.js:12179:15)[39m
